  Determining projects to restore...
  All projects are up-to-date for restore.
// ...existing code...
C:\Program Files\dotnet\sdk\10.0.102\Microsoft.Common.CurrentVersion.targets(5381,5): warning MSB3026: Could not copy "D:\Documents\GitHub\TechzazEDR_Agent\obj\Debug\net10.0-windows\apphost.exe" to "bin\Debug\net10.0-windows\UnifiedSecurityAnalyzer.exe". Beginning retry 2 in 1000ms. The process cannot access the file 'D:\Documents\GitHub\TechzazEDR_Agent\bin\Debug\net10.0-windows\UnifiedSecurityAnalyzer.exe' because it is being used by another process. The file is locked by: "UnifiedSecurityAnalyzer (12312), UnifiedSecurityAnalyzer (31104)" [D:\Documents\GitHub\TechzazEDR_Agent\UnifiedSecurityAnalyzer.csproj]
C:\Program Files\dotnet\sdk\10.0.102\Microsoft.Common.CurrentVersion.targets(5381,5): error MSB3021: Unable to copy file "D:\Documents\GitHub\TechzazEDR_Agent\obj\Debug\net10.0-windows\apphost.exe" to "bin\Debug\net10.0-windows\UnifiedSecurityAnalyzer.exe". The process cannot access the file 'D:\Documents\GitHub\TechzazEDR_Agent\bin\Debug\net10.0-windows\UnifiedSecurityAnalyzer.exe' because it is being used by another process. [D:\Documents\GitHub\TechzazEDR_Agent\UnifiedSecurityAnalyzer.csproj]

Build FAILED.

C:\Program Files\dotnet\sdk\10.0.102\Microsoft.Common.CurrentVersion.targets(5381,5): warning MSB3026: Could not copy "D:\Documents\GitHub\TechzazEDR_Agent\obj\Debug\net10.0-windows\apphost.exe" to "bin\Debug\net10.0-windows\UnifiedSecurityAnalyzer.exe". Beginning retry 1 in 1000ms. The process cannot access the file 'D:\Documents\GitHub\TechzazEDR_Agent\bin\Debug\net10.0-windows\UnifiedSecurityAnalyzer.exe' because it is being used by another process. The file is locked by: "UnifiedSecurityAnalyzer (12312), UnifiedSecurityAnalyzer (31104)" [D:\Documents\GitHub\TechzazEDR_Agent\UnifiedSecurityAnalyzer.csproj]
C:\Program Files\dotnet\sdk\10.0.102\Microsoft.Common.CurrentVersion.targets(5381,5): warning MSB3026: Could not copy "D:\Documents\GitHub\TechzazEDR_Agent\obj\Debug\net10.0-windows\apphost.exe" to "bin\Debug\net10.0-windows\UnifiedSecurityAnalyzer.exe". Beginning retry 2 in 1000ms. The process cannot access the file 'D:\Documents\GitHub\TechzazEDR_Agent\bin\Debug\net10.0-windows\UnifiedSecurityAnalyzer.exe' because it is being used by another process. The file is locked by: "UnifiedSecurityAnalyzer (12312), UnifiedSecurityAnalyzer (31104)" [D:\Documents\GitHub\TechzazEDR_Agent\UnifiedSecurityAnalyzer.csproj]
C:\Program Files\dotnet\sdk\10.0.102\Microsoft.Common.CurrentVersion.targets(5381,5): warning MSB3026: Could not copy "D:\Documents\GitHub\TechzazEDR_Agent\obj\Debug\net10.0-windows\apphost.exe" to "bin\Debug\net10.0-windows\UnifiedSecurityAnalyzer.exe". Beginning retry 3 in 1000ms. The process cannot access the file 'D:\Documents\GitHub\TechzazEDR_Agent\bin\Debug\net10.0-windows\UnifiedSecurityAnalyzer.exe' because it is being used by another process. The file is locked by: "UnifiedSecurityAnalyzer (12312), UnifiedSecurityAnalyzer (31104)" [D:\Documents\GitHub\TechzazEDR_Agent\UnifiedSecurityAnalyzer.csproj]
C:\Program Files\dotnet\sdk\10.0.102\Microsoft.Common.CurrentVersion.targets(5381,5): warning MSB3026: Could not copy "D:\Documents\GitHub\TechzazEDR_Agent\obj\Debug\net10.0-windows\apphost.exe" to "bin\Debug\net10.0-windows\UnifiedSecurityAnalyzer.exe". Beginning retry 4 in 1000ms. The process cannot access the file 'D:\Documents\GitHub\TechzazEDR_Agent\bin\Debug\net10.0-windows\UnifiedSecurityAnalyzer.exe' because it is being used by another process. The file is locked by: "UnifiedSecurityAnalyzer (12312), UnifiedSecurityAnalyzer (31104)" [D:\Documents\GitHub\TechzazEDR_Agent\UnifiedSecurityAnalyzer.csproj]
C:\Program Files\dotnet\sdk\10.0.102\Microsoft.Common.CurrentVersion.targets(5381,5): warning MSB3026: Could not copy "D:\Documents\GitHub\TechzazEDR_Agent\obj\Debug\net10.0-windows\apphost.exe" to "bin\Debug\net10.0-windows\UnifiedSecurityAnalyzer.exe". Beginning retry 5 in 1000ms. The process cannot access the file 'D:\Documents\GitHub\TechzazEDR_Agent\bin\Debug\net10.0-windows\UnifiedSecurityAnalyzer.exe' because it is being used by another process. The file is locked by: "UnifiedSecurityAnalyzer (12312), UnifiedSecurityAnalyzer (31104)" [D:\Documents\GitHub\TechzazEDR_Agent\UnifiedSecurityAnalyzer.csproj]
C:\Program Files\dotnet\sdk\10.0.102\Microsoft.Common.CurrentVersion.targets(5381,5): warning MSB3026: Could not copy "D:\Documents\GitHub\TechzazEDR_Agent\obj\Debug\net10.0-windows\apphost.exe" to "bin\Debug\net10.0-windows\UnifiedSecurityAnalyzer.exe". Beginning retry 6 in 1000ms. The process cannot access the file 'D:\Documents\GitHub\TechzazEDR_Agent\bin\Debug\net10.0-windows\UnifiedSecurityAnalyzer.exe' because it is being used by another process. The file is locked by: "UnifiedSecurityAnalyzer (12312), UnifiedSecurityAnalyzer (31104)" [D:\Documents\GitHub\TechzazEDR_Agent\UnifiedSecurityAnalyzer.csproj]
C:\Program Files\dotnet\sdk\10.0.102\Microsoft.Common.CurrentVersion.targets(5381,5): warning MSB3026: Could not copy "D:\Documents\GitHub\TechzazEDR_Agent\obj\Debug\net10.0-windows\apphost.exe" to "bin\Debug\net10.0-windows\UnifiedSecurityAnalyzer.exe". Beginning retry 7 in 1000ms. The process cannot access the file 'D:\Documents\GitHub\TechzazEDR_Agent\bin\Debug\net10.0-windows\UnifiedSecurityAnalyzer.exe' because it is being used by another process. The file is locked by: "UnifiedSecurityAnalyzer (12312), UnifiedSecurityAnalyzer (31104)" [D:\Documents\GitHub\TechzazEDR_Agent\UnifiedSecurityAnalyzer.csproj]
C:\Program Files\dotnet\sdk\10.0.102\Microsoft.Common.CurrentVersion.targets(5381,5): warning MSB3026: Could not copy "D:\Documents\GitHub\TechzazEDR_Agent\obj\Debug\net10.0-windows\apphost.exe" to "bin\Debug\net10.0-windows\UnifiedSecurityAnalyzer.exe". Beginning retry 8 in 1000ms. The process cannot access the file 'D:\Documents\GitHub\TechzazEDR_Agent\bin\Debug\net10.0-windows\UnifiedSecurityAnalyzer.exe' because it is being used by another process. The file is locked by: "UnifiedSecurityAnalyzer (12312), UnifiedSecurityAnalyzer (31104)" [D:\Documents\GitHub\TechzazEDR_Agent\UnifiedSecurityAnalyzer.csproj]
C:\Program Files\dotnet\sdk\10.0.102\Microsoft.Common.CurrentVersion.targets(5381,5): warning MSB3026: Could not copy "D:\Documents\GitHub\TechzazEDR_Agent\obj\Debug\net10.0-windows\apphost.exe" to "bin\Debug\net10.0-windows\UnifiedSecurityAnalyzer.exe". Beginning retry 9 in 1000ms. The process cannot access the file 'D:\Documents\GitHub\TechzazEDR_Agent\bin\Debug\net10.0-windows\UnifiedSecurityAnalyzer.exe' because it is being used by another process. The file is locked by: "UnifiedSecurityAnalyzer (12312), UnifiedSecurityAnalyzer (31104)" [D:\Documents\GitHub\TechzazEDR_Agent\UnifiedSecurityAnalyzer.csproj]
C:\Program Files\dotnet\sdk\10.0.102\Microsoft.Common.CurrentVersion.targets(5381,5): warning MSB3026: Could not copy "D:\Documents\GitHub\TechzazEDR_Agent\obj\Debug\net10.0-windows\apphost.exe" to "bin\Debug\net10.0-windows\UnifiedSecurityAnalyzer.exe". Beginning retry 10 in 1000ms. The process cannot access the file 'D:\Documents\GitHub\TechzazEDR_Agent\bin\Debug\net10.0-windows\UnifiedSecurityAnalyzer.exe' because it is being used by another process. The file is locked by: "UnifiedSecurityAnalyzer (12312), UnifiedSecurityAnalyzer (31104)" [D:\Documents\GitHub\TechzazEDR_Agent\UnifiedSecurityAnalyzer.csproj]
C:\Program Files\dotnet\sdk\10.0.102\Microsoft.Common.CurrentVersion.targets(5381,5): error MSB3027: Could not copy "D:\Documents\GitHub\TechzazEDR_Agent\obj\Debug\net10.0-windows\apphost.exe" to "bin\Debug\net10.0-windows\UnifiedSecurityAnalyzer.exe". Exceeded retry count of 10. Failed. The file is locked by: "UnifiedSecurityAnalyzer (12312), UnifiedSecurityAnalyzer (31104)" [D:\Documents\GitHub\TechzazEDR_Agent\UnifiedSecurityAnalyzer.csproj]
C:\Program Files\dotnet\sdk\10.0.102\Microsoft.Common.CurrentVersion.targets(5381,5): error MSB3021: Unable to copy file "D:\Documents\GitHub\TechzazEDR_Agent\obj\Debug\net10.0-windows\apphost.exe" to "bin\Debug\net10.0-windows\UnifiedSecurityAnalyzer.exe". The process cannot access the file 'D:\Documents\GitHub\TechzazEDR_Agent\bin\Debug\net10.0-windows\UnifiedSecurityAnalyzer.exe' because it is being used by another process. [D:\Documents\GitHub\TechzazEDR_Agent\UnifiedSecurityAnalyzer.csproj]
    10 Warning(s)
    2 Error(s)

Time Elapsed 00:00:12.51
