  Determining projects to restore...
  All projects are up-to-date for restore.
d:\Documents\GitHub\TechzazEDR_Agent\CaptureService.cs(23,28): warning CS8603: Possible null reference return. [d:\Documents\GitHub\TechzazEDR_Agent\TechzazEdrWindowsAgent.csproj]
d:\Documents\GitHub\TechzazEDR_Agent\CaptureService.cs(28,46): warning CS8600: Converting null literal or possible null value to non-nullable type. [d:\Documents\GitHub\TechzazEDR_Agent\TechzazEdrWindowsAgent.csproj]
d:\Documents\GitHub\TechzazEDR_Agent\CaptureService.cs(63,28): warning CS8603: Possible null reference return. [d:\Documents\GitHub\TechzazEDR_Agent\TechzazEdrWindowsAgent.csproj]
d:\Documents\GitHub\TechzazEDR_Agent\CaptureService.cs(117,24): warning CS8603: Possible null reference return. [d:\Documents\GitHub\TechzazEDR_Agent\TechzazEdrWindowsAgent.csproj]
d:\Documents\GitHub\TechzazEDR_Agent\CaptureService.cs(122,24): warning CS8603: Possible null reference return. [d:\Documents\GitHub\TechzazEDR_Agent\TechzazEdrWindowsAgent.csproj]
d:\Documents\GitHub\TechzazEDR_Agent\Rules\HIDS\StartupPersistenceRule.cs(30,46): warning CS8600: Converting null literal or possible null value to non-nullable type. [d:\Documents\GitHub\TechzazEDR_Agent\TechzazEdrWindowsAgent.csproj]
C:\Program Files\dotnet\sdk\10.0.102\Microsoft.Common.CurrentVersion.targets(5381,5): warning MSB3026: Could not copy "d:\Documents\GitHub\TechzazEDR_Agent\obj\Debug\net10.0-windows\apphost.exe" to "bin\Debug\net10.0-windows\TechzazEdrWindowsAgent.exe". Beginning retry 1 in 1000ms. The process cannot access the file 'd:\Documents\GitHub\TechzazEDR_Agent\bin\Debug\net10.0-windows\TechzazEdrWindowsAgent.exe' because it is being used by another process. The file is locked by: "TechzazEdrWindowsAgent (2716)" [d:\Documents\GitHub\TechzazEDR_Agent\TechzazEdrWindowsAgent.csproj]
C:\Program Files\dotnet\sdk\10.0.102\Microsoft.Common.CurrentVersion.targets(5381,5): warning MSB3026: Could not copy "d:\Documents\GitHub\TechzazEDR_Agent\obj\Debug\net10.0-windows\apphost.exe" to "bin\Debug\net10.0-windows\TechzazEdrWindowsAgent.exe". Beginning retry 2 in 1000ms. The process cannot access the file 'd:\Documents\GitHub\TechzazEDR_Agent\bin\Debug\net10.0-windows\TechzazEdrWindowsAgent.exe' because it is being used by another process. The file is locked by: "TechzazEdrWindowsAgent (2716)" [d:\Documents\GitHub\TechzazEDR_Agent\TechzazEdrWindowsAgent.csproj]
C:\Program Files\dotnet\sdk\10.0.102\Microsoft.Common.CurrentVersion.targets(5381,5): warning MSB3026: Could not copy "d:\Documents\GitHub\TechzazEDR_Agent\obj\Debug\net10.0-windows\apphost.exe" to "bin\Debug\net10.0-windows\TechzazEdrWindowsAgent.exe". Beginning retry 3 in 1000ms. The process cannot access the file 'd:\Documents\GitHub\TechzazEDR_Agent\bin\Debug\net10.0-windows\TechzazEdrWindowsAgent.exe' because it is being used by another process. The file is locked by: "TechzazEdrWindowsAgent (2716)" [d:\Documents\GitHub\TechzazEDR_Agent\TechzazEdrWindowsAgent.csproj]
C:\Program Files\dotnet\sdk\10.0.102\Microsoft.Common.CurrentVersion.targets(5381,5): warning MSB3026: Could not copy "d:\Documents\GitHub\TechzazEDR_Agent\obj\Debug\net10.0-windows\apphost.exe" to "bin\Debug\net10.0-windows\TechzazEdrWindowsAgent.exe". Beginning retry 4 in 1000ms. The process cannot access the file 'd:\Documents\GitHub\TechzazEDR_Agent\bin\Debug\net10.0-windows\TechzazEdrWindowsAgent.exe' because it is being used by another process. The file is locked by: "TechzazEdrWindowsAgent (2716)" [d:\Documents\GitHub\TechzazEDR_Agent\TechzazEdrWindowsAgent.csproj]
C:\Program Files\dotnet\sdk\10.0.102\Microsoft.Common.CurrentVersion.targets(5381,5): warning MSB3026: Could not copy "d:\Documents\GitHub\TechzazEDR_Agent\obj\Debug\net10.0-windows\apphost.exe" to "bin\Debug\net10.0-windows\TechzazEdrWindowsAgent.exe". Beginning retry 5 in 1000ms. The process cannot access the file 'd:\Documents\GitHub\TechzazEDR_Agent\bin\Debug\net10.0-windows\TechzazEdrWindowsAgent.exe' because it is being used by another process. The file is locked by: "TechzazEdrWindowsAgent (2716)" [d:\Documents\GitHub\TechzazEDR_Agent\TechzazEdrWindowsAgent.csproj]
C:\Program Files\dotnet\sdk\10.0.102\Microsoft.Common.CurrentVersion.targets(5381,5): warning MSB3026: Could not copy "d:\Documents\GitHub\TechzazEDR_Agent\obj\Debug\net10.0-windows\apphost.exe" to "bin\Debug\net10.0-windows\TechzazEdrWindowsAgent.exe". Beginning retry 6 in 1000ms. The process cannot access the file 'd:\Documents\GitHub\TechzazEDR_Agent\bin\Debug\net10.0-windows\TechzazEdrWindowsAgent.exe' because it is being used by another process. The file is locked by: "TechzazEdrWindowsAgent (2716)" [d:\Documents\GitHub\TechzazEDR_Agent\TechzazEdrWindowsAgent.csproj]
C:\Program Files\dotnet\sdk\10.0.102\Microsoft.Common.CurrentVersion.targets(5381,5): warning MSB3026: Could not copy "d:\Documents\GitHub\TechzazEDR_Agent\obj\Debug\net10.0-windows\apphost.exe" to "bin\Debug\net10.0-windows\TechzazEdrWindowsAgent.exe". Beginning retry 7 in 1000ms. The process cannot access the file 'd:\Documents\GitHub\TechzazEDR_Agent\bin\Debug\net10.0-windows\TechzazEdrWindowsAgent.exe' because it is being used by another process. The file is locked by: "TechzazEdrWindowsAgent (2716)" [d:\Documents\GitHub\TechzazEDR_Agent\TechzazEdrWindowsAgent.csproj]
C:\Program Files\dotnet\sdk\10.0.102\Microsoft.Common.CurrentVersion.targets(5381,5): warning MSB3026: Could not copy "d:\Documents\GitHub\TechzazEDR_Agent\obj\Debug\net10.0-windows\apphost.exe" to "bin\Debug\net10.0-windows\TechzazEdrWindowsAgent.exe". Beginning retry 8 in 1000ms. The process cannot access the file 'd:\Documents\GitHub\TechzazEDR_Agent\bin\Debug\net10.0-windows\TechzazEdrWindowsAgent.exe' because it is being used by another process. The file is locked by: "TechzazEdrWindowsAgent (2716)" [d:\Documents\GitHub\TechzazEDR_Agent\TechzazEdrWindowsAgent.csproj]
C:\Program Files\dotnet\sdk\10.0.102\Microsoft.Common.CurrentVersion.targets(5381,5): warning MSB3026: Could not copy "d:\Documents\GitHub\TechzazEDR_Agent\obj\Debug\net10.0-windows\apphost.exe" to "bin\Debug\net10.0-windows\TechzazEdrWindowsAgent.exe". Beginning retry 9 in 1000ms. The process cannot access the file 'd:\Documents\GitHub\TechzazEDR_Agent\bin\Debug\net10.0-windows\TechzazEdrWindowsAgent.exe' because it is being used by another process. The file is locked by: "TechzazEdrWindowsAgent (2716)" [d:\Documents\GitHub\TechzazEDR_Agent\TechzazEdrWindowsAgent.csproj]
C:\Program Files\dotnet\sdk\10.0.102\Microsoft.Common.CurrentVersion.targets(5381,5): warning MSB3026: Could not copy "d:\Documents\GitHub\TechzazEDR_Agent\obj\Debug\net10.0-windows\apphost.exe" to "bin\Debug\net10.0-windows\TechzazEdrWindowsAgent.exe". Beginning retry 10 in 1000ms. The process cannot access the file 'd:\Documents\GitHub\TechzazEDR_Agent\bin\Debug\net10.0-windows\TechzazEdrWindowsAgent.exe' because it is being used by another process. The file is locked by: "TechzazEdrWindowsAgent (2716)" [d:\Documents\GitHub\TechzazEDR_Agent\TechzazEdrWindowsAgent.csproj]
C:\Program Files\dotnet\sdk\10.0.102\Microsoft.Common.CurrentVersion.targets(5381,5): error MSB3027: Could not copy "d:\Documents\GitHub\TechzazEDR_Agent\obj\Debug\net10.0-windows\apphost.exe" to "bin\Debug\net10.0-windows\TechzazEdrWindowsAgent.exe". Exceeded retry count of 10. Failed. The file is locked by: "TechzazEdrWindowsAgent (2716)" [d:\Documents\GitHub\TechzazEDR_Agent\TechzazEdrWindowsAgent.csproj]
C:\Program Files\dotnet\sdk\10.0.102\Microsoft.Common.CurrentVersion.targets(5381,5): error MSB3021: Unable to copy file "d:\Documents\GitHub\TechzazEDR_Agent\obj\Debug\net10.0-windows\apphost.exe" to "bin\Debug\net10.0-windows\TechzazEdrWindowsAgent.exe". The process cannot access the file 'd:\Documents\GitHub\TechzazEDR_Agent\bin\Debug\net10.0-windows\TechzazEdrWindowsAgent.exe' because it is being used by another process. [d:\Documents\GitHub\TechzazEDR_Agent\TechzazEdrWindowsAgent.csproj]

Build FAILED.

d:\Documents\GitHub\TechzazEDR_Agent\CaptureService.cs(23,28): warning CS8603: Possible null reference return. [d:\Documents\GitHub\TechzazEDR_Agent\TechzazEdrWindowsAgent.csproj]
d:\Documents\GitHub\TechzazEDR_Agent\CaptureService.cs(28,46): warning CS8600: Converting null literal or possible null value to non-nullable type. [d:\Documents\GitHub\TechzazEDR_Agent\TechzazEdrWindowsAgent.csproj]
d:\Documents\GitHub\TechzazEDR_Agent\CaptureService.cs(63,28): warning CS8603: Possible null reference return. [d:\Documents\GitHub\TechzazEDR_Agent\TechzazEdrWindowsAgent.csproj]
d:\Documents\GitHub\TechzazEDR_Agent\CaptureService.cs(117,24): warning CS8603: Possible null reference return. [d:\Documents\GitHub\TechzazEDR_Agent\TechzazEdrWindowsAgent.csproj]
d:\Documents\GitHub\TechzazEDR_Agent\CaptureService.cs(122,24): warning CS8603: Possible null reference return. [d:\Documents\GitHub\TechzazEDR_Agent\TechzazEdrWindowsAgent.csproj]
d:\Documents\GitHub\TechzazEDR_Agent\Rules\HIDS\StartupPersistenceRule.cs(30,46): warning CS8600: Converting null literal or possible null value to non-nullable type. [d:\Documents\GitHub\TechzazEDR_Agent\TechzazEdrWindowsAgent.csproj]
C:\Program Files\dotnet\sdk\10.0.102\Microsoft.Common.CurrentVersion.targets(5381,5): warning MSB3026: Could not copy "d:\Documents\GitHub\TechzazEDR_Agent\obj\Debug\net10.0-windows\apphost.exe" to "bin\Debug\net10.0-windows\TechzazEdrWindowsAgent.exe". Beginning retry 1 in 1000ms. The process cannot access the file 'd:\Documents\GitHub\TechzazEDR_Agent\bin\Debug\net10.0-windows\TechzazEdrWindowsAgent.exe' because it is being used by another process. The file is locked by: "TechzazEdrWindowsAgent (2716)" [d:\Documents\GitHub\TechzazEDR_Agent\TechzazEdrWindowsAgent.csproj]
C:\Program Files\dotnet\sdk\10.0.102\Microsoft.Common.CurrentVersion.targets(5381,5): warning MSB3026: Could not copy "d:\Documents\GitHub\TechzazEDR_Agent\obj\Debug\net10.0-windows\apphost.exe" to "bin\Debug\net10.0-windows\TechzazEdrWindowsAgent.exe". Beginning retry 2 in 1000ms. The process cannot access the file 'd:\Documents\GitHub\TechzazEDR_Agent\bin\Debug\net10.0-windows\TechzazEdrWindowsAgent.exe' because it is being used by another process. The file is locked by: "TechzazEdrWindowsAgent (2716)" [d:\Documents\GitHub\TechzazEDR_Agent\TechzazEdrWindowsAgent.csproj]
C:\Program Files\dotnet\sdk\10.0.102\Microsoft.Common.CurrentVersion.targets(5381,5): warning MSB3026: Could not copy "d:\Documents\GitHub\TechzazEDR_Agent\obj\Debug\net10.0-windows\apphost.exe" to "bin\Debug\net10.0-windows\TechzazEdrWindowsAgent.exe". Beginning retry 3 in 1000ms. The process cannot access the file 'd:\Documents\GitHub\TechzazEDR_Agent\bin\Debug\net10.0-windows\TechzazEdrWindowsAgent.exe' because it is being used by another process. The file is locked by: "TechzazEdrWindowsAgent (2716)" [d:\Documents\GitHub\TechzazEDR_Agent\TechzazEdrWindowsAgent.csproj]
C:\Program Files\dotnet\sdk\10.0.102\Microsoft.Common.CurrentVersion.targets(5381,5): warning MSB3026: Could not copy "d:\Documents\GitHub\TechzazEDR_Agent\obj\Debug\net10.0-windows\apphost.exe" to "bin\Debug\net10.0-windows\TechzazEdrWindowsAgent.exe". Beginning retry 4 in 1000ms. The process cannot access the file 'd:\Documents\GitHub\TechzazEDR_Agent\bin\Debug\net10.0-windows\TechzazEdrWindowsAgent.exe' because it is being used by another process. The file is locked by: "TechzazEdrWindowsAgent (2716)" [d:\Documents\GitHub\TechzazEDR_Agent\TechzazEdrWindowsAgent.csproj]
C:\Program Files\dotnet\sdk\10.0.102\Microsoft.Common.CurrentVersion.targets(5381,5): warning MSB3026: Could not copy "d:\Documents\GitHub\TechzazEDR_Agent\obj\Debug\net10.0-windows\apphost.exe" to "bin\Debug\net10.0-windows\TechzazEdrWindowsAgent.exe". Beginning retry 5 in 1000ms. The process cannot access the file 'd:\Documents\GitHub\TechzazEDR_Agent\bin\Debug\net10.0-windows\TechzazEdrWindowsAgent.exe' because it is being used by another process. The file is locked by: "TechzazEdrWindowsAgent (2716)" [d:\Documents\GitHub\TechzazEDR_Agent\TechzazEdrWindowsAgent.csproj]
C:\Program Files\dotnet\sdk\10.0.102\Microsoft.Common.CurrentVersion.targets(5381,5): warning MSB3026: Could not copy "d:\Documents\GitHub\TechzazEDR_Agent\obj\Debug\net10.0-windows\apphost.exe" to "bin\Debug\net10.0-windows\TechzazEdrWindowsAgent.exe". Beginning retry 6 in 1000ms. The process cannot access the file 'd:\Documents\GitHub\TechzazEDR_Agent\bin\Debug\net10.0-windows\TechzazEdrWindowsAgent.exe' because it is being used by another process. The file is locked by: "TechzazEdrWindowsAgent (2716)" [d:\Documents\GitHub\TechzazEDR_Agent\TechzazEdrWindowsAgent.csproj]
C:\Program Files\dotnet\sdk\10.0.102\Microsoft.Common.CurrentVersion.targets(5381,5): warning MSB3026: Could not copy "d:\Documents\GitHub\TechzazEDR_Agent\obj\Debug\net10.0-windows\apphost.exe" to "bin\Debug\net10.0-windows\TechzazEdrWindowsAgent.exe". Beginning retry 7 in 1000ms. The process cannot access the file 'd:\Documents\GitHub\TechzazEDR_Agent\bin\Debug\net10.0-windows\TechzazEdrWindowsAgent.exe' because it is being used by another process. The file is locked by: "TechzazEdrWindowsAgent (2716)" [d:\Documents\GitHub\TechzazEDR_Agent\TechzazEdrWindowsAgent.csproj]
C:\Program Files\dotnet\sdk\10.0.102\Microsoft.Common.CurrentVersion.targets(5381,5): warning MSB3026: Could not copy "d:\Documents\GitHub\TechzazEDR_Agent\obj\Debug\net10.0-windows\apphost.exe" to "bin\Debug\net10.0-windows\TechzazEdrWindowsAgent.exe". Beginning retry 8 in 1000ms. The process cannot access the file 'd:\Documents\GitHub\TechzazEDR_Agent\bin\Debug\net10.0-windows\TechzazEdrWindowsAgent.exe' because it is being used by another process. The file is locked by: "TechzazEdrWindowsAgent (2716)" [d:\Documents\GitHub\TechzazEDR_Agent\TechzazEdrWindowsAgent.csproj]
C:\Program Files\dotnet\sdk\10.0.102\Microsoft.Common.CurrentVersion.targets(5381,5): warning MSB3026: Could not copy "d:\Documents\GitHub\TechzazEDR_Agent\obj\Debug\net10.0-windows\apphost.exe" to "bin\Debug\net10.0-windows\TechzazEdrWindowsAgent.exe". Beginning retry 9 in 1000ms. The process cannot access the file 'd:\Documents\GitHub\TechzazEDR_Agent\bin\Debug\net10.0-windows\TechzazEdrWindowsAgent.exe' because it is being used by another process. The file is locked by: "TechzazEdrWindowsAgent (2716)" [d:\Documents\GitHub\TechzazEDR_Agent\TechzazEdrWindowsAgent.csproj]
C:\Program Files\dotnet\sdk\10.0.102\Microsoft.Common.CurrentVersion.targets(5381,5): warning MSB3026: Could not copy "d:\Documents\GitHub\TechzazEDR_Agent\obj\Debug\net10.0-windows\apphost.exe" to "bin\Debug\net10.0-windows\TechzazEdrWindowsAgent.exe". Beginning retry 10 in 1000ms. The process cannot access the file 'd:\Documents\GitHub\TechzazEDR_Agent\bin\Debug\net10.0-windows\TechzazEdrWindowsAgent.exe' because it is being used by another process. The file is locked by: "TechzazEdrWindowsAgent (2716)" [d:\Documents\GitHub\TechzazEDR_Agent\TechzazEdrWindowsAgent.csproj]
C:\Program Files\dotnet\sdk\10.0.102\Microsoft.Common.CurrentVersion.targets(5381,5): error MSB3027: Could not copy "d:\Documents\GitHub\TechzazEDR_Agent\obj\Debug\net10.0-windows\apphost.exe" to "bin\Debug\net10.0-windows\TechzazEdrWindowsAgent.exe". Exceeded retry count of 10. Failed. The file is locked by: "TechzazEdrWindowsAgent (2716)" [d:\Documents\GitHub\TechzazEDR_Agent\TechzazEdrWindowsAgent.csproj]
C:\Program Files\dotnet\sdk\10.0.102\Microsoft.Common.CurrentVersion.targets(5381,5): error MSB3021: Unable to copy file "d:\Documents\GitHub\TechzazEDR_Agent\obj\Debug\net10.0-windows\apphost.exe" to "bin\Debug\net10.0-windows\TechzazEdrWindowsAgent.exe". The process cannot access the file 'd:\Documents\GitHub\TechzazEDR_Agent\bin\Debug\net10.0-windows\TechzazEdrWindowsAgent.exe' because it is being used by another process. [d:\Documents\GitHub\TechzazEDR_Agent\TechzazEdrWindowsAgent.csproj]
    16 Warning(s)
    2 Error(s)

Time Elapsed 00:00:14.94
